
ASEM-51 V1.3                                         Copyright (c) 2002 by W.W. Heinz                                         PAGE 1





       MCS-51 Family Macro Assembler   A S E M - 5 1   V 1.3
       =====================================================



	Source File:	src\hello.a51
	Object File:	bin\hello.hex
	List File:	lst\hello.lst



 Line  I  Addr  Code            Source

    1:				; hello.a51 -- 'Hello World' on serial console.
    2:				;
    3:				; This small program is meant to be run on a light52 MCU on actual hardware,
    4:				; as a first sanity check.
    5:				;
    6:				; This version of the program does not use interrupts.
    7:				;
    8:				; If this program runs and displays its message on a terminal, you may then be
    9:				; sure that your development environment is working.
   10:
   11:
   12:				        ;-- Parameters common to all tests -------------------------------------
   13:
   14:
   15:		N      0070	saved_psw set   070h                ; (IDATA) temp store for PSW value
   16:		N      009F	stack0  set     09fh                ; (IDATA) stack addr used for push/pop tests
   17:
   18:
   19:				        ;-- Macros -------------------------------------------------------------
   20:
   21:				        ; putc: send character in A to console (UART), by polling.
   22:				putc    macro   character
   23:				        local   putc_loop
   24:				        mov     SBUF,a
   25:				putc_loop:
   26:				        mov     a,SCON
   27:				        anl     a,#10h
   28:				        jz      putc_loop
   29:				        endm
   30:
   31:				        ; put_crlf: send CR+LF to console
   32:				put_crlf macro
   33:				        putc    #13
   34:				        putc    #10
   35:				        endm
   36:
   37:
   38:				        ;-- Reset & interrupt vectors ------------------------------------------
   39:
   40:		N      0000	        org     00h
   41:	  0000	02 00 30	        ljmp    start               ;
   42:		N      0003	        org     03h
   43:	  0003	02 00 4C	        ljmp    irq_unused

ASEM-51 V1.3                                         Copyright (c) 2002 by W.W. Heinz                                         PAGE 2



 Line  I  Addr  Code            Source

   44:		N      000B	        org     0bh
   45:	  000B	02 00 4E	        ljmp    irq_timer
   46:		N      0013	        org     13h
   47:	  0013	02 00 4C	        ljmp    irq_unused
   48:		N      001B	        org     1bh
   49:	  001B	02 00 4C	        ljmp    irq_unused
   50:		N      0023	        org     23h
   51:	  0023	02 00 4D	        ljmp    irq_uart
   52:
   53:				        ;-- Main test program --------------------------------------------------
   54:		N      0030	        org     30h
   55:	  0030			start:
   56:				        ; Write some stuff to P0 and P1
   57:	  0030	75 80 AB	        mov     P0,#0abh
   58:	  0033	75 90 87	        mov     P1,#87h
   59:
   60:				        ; Initialize serial port...
   61:	  0036	90 00 4F	        mov     DPTR,#text0
   62:
   63:				        ; ...and dump the hello string to the serial port.
   64:	  0039	78 00		        mov     r0,#00h
   65:	  003B			puts_loop:
   66:	  003B	E8		        mov     a,r0
   67:	  003C	08		        inc     r0
   68:	  003D	93		        movc    a,@a+DPTR
   69:	  003E	60 0A		        jz      puts_done
   70:
   71:				        putc
   72+ 1  0040	F5 99		        mov     SBUF,a
   73+ 1  0042			??0000:
   74+ 1  0042	E5 98		        mov     a,SCON
   75+ 1  0044	54 10		        anl     a,#10h
   76+ 1  0046	60 FA		        jz      ??0000
   77:	  0048	80 F1		        sjmp    puts_loop
   78:	  004A			puts_done:
   79:
   80:				        ;-- End of test program, enter single-instruction endless loop
   81:	  004A	01 4A		quit:   ajmp    $
   82:
   83:	  004C			irq_unused:
   84:	  004C	32		        reti
   85:	  004D			irq_uart:
   86:	  004D	32		        reti
   87:	  004E			irq_timer:
   88:	  004E	32		        reti
   89:
   90:	  004F	48 65 6C 6C	text0:  db      'Hello World!',13,10,00h,00h
	  0053	6F 20 57 6F
	  0057	72 6C 64 21
	  005B	0D 0A 00 00
   91:
   92:				        end





ASEM-51 V1.3                                         Copyright (c) 2002 by W.W. Heinz                                         PAGE 3




                     register banks used:  ---

                     no errors




ASEM-51 V1.3                                         Copyright (c) 2002 by W.W. Heinz                                         PAGE 4





	       L I S T   O F   S Y M B O L S
	       =============================


SYMBOL				  TYPE     VALUE	LINE
------------------------------------------------------------
??0000				  CODE	    0042	  73
??ASEM_51			  NUMBER    8051
??VERSION			  NUMBER    0130
AC				  BIT	      D6
ACC				  DATA	      E0
B				  DATA	      F0
CY				  BIT	      D7
DPH				  DATA	      83
DPL				  DATA	      82
EA				  BIT	      AF
ES				  BIT	      AC
ET0				  BIT	      A9
ET1				  BIT	      AB
EX0				  BIT	      A8
EX1				  BIT	      AA
EXTI0				  CODE	    0003
EXTI1				  CODE	    0013
F0				  BIT	      D5
IE				  DATA	      A8
IE0				  BIT	      89
IE1				  BIT	      8B
INT0				  BIT	      B2
INT1				  BIT	      B3
IP				  DATA	      B8
IRQ_TIMER			  CODE	    004E	  87
IRQ_UART			  CODE	    004D	  85
IRQ_UNUSED			  CODE	    004C	  83
IT0				  BIT	      88
IT1				  BIT	      8A
OV				  BIT	      D2
P				  BIT	      D0
P0				  DATA	      80
P1				  DATA	      90
P2				  DATA	      A0
P3				  DATA	      B0
PCON				  DATA	      87
PS				  BIT	      BC
PSW				  DATA	      D0
PT0				  BIT	      B9
PT1				  BIT	      BB
PUTC				  MACRO	        	  22
PUTS_DONE			  CODE	    004A	  78
PUTS_LOOP			  CODE	    003B	  65
PUT_CRLF			  MACRO	        	  32
PX0				  BIT	      B8
PX1				  BIT	      BA
QUIT				  CODE	    004A	  81
RB8				  BIT	      9A
RD				  BIT	      B7
REN				  BIT	      9C

ASEM-51 V1.3                                         Copyright (c) 2002 by W.W. Heinz                                         PAGE 5



SYMBOL				  TYPE     VALUE	LINE
------------------------------------------------------------
RESET				  CODE	    0000
RI				  BIT	      98
RS0				  BIT	      D3
RS1				  BIT	      D4
RXD				  BIT	      B0
SAVED_PSW			  NUMBER    0070	  15
SBUF				  DATA	      99
SCON				  DATA	      98
SINT				  CODE	    0023
SM0				  BIT	      9F
SM1				  BIT	      9E
SM2				  BIT	      9D
SP				  DATA	      81
STACK0				  NUMBER    009F	  16
START				  CODE	    0030	  55
T0				  BIT	      B4
T1				  BIT	      B5
TB8				  BIT	      9B
TCON				  DATA	      88
TEXT0				  CODE	    004F	  90
TF0				  BIT	      8D
TF1				  BIT	      8F
TH0				  DATA	      8C
TH1				  DATA	      8D
TI				  BIT	      99
TIMER0				  CODE	    000B
TIMER1				  CODE	    001B
TL0				  DATA	      8A
TL1				  DATA	      8B
TMOD				  DATA	      89
TR0				  BIT	      8C
TR1				  BIT	      8E
TXD				  BIT	      B1
WR				  BIT	      B6
